   Compiling proc-macro2 v1.0.107
   Compiling unicode-ident v1.0.24
   Compiling quote v1.0.47
   Compiling libc v0.2.189
   Compiling syn v2.0.119
   Compiling cfg-if v1.0.4
   Compiling jobserver v0.1.35
   Compiling find-msvc-tools v0.1.9
   Compiling shlex v2.0.1
   Compiling cc v1.3.0
   Compiling autocfg v1.5.1
   Compiling memchr v2.8.3
   Compiling smallvec v1.15.2
   Compiling cmake v0.1.58
   Compiling syn v3.0.3
   Compiling parking_lot_core v0.9.12
   Compiling scopeguard v1.2.0
   Compiling lock_api v0.4.14
   Compiling bytes v1.12.1
   Compiling pin-project-lite v0.2.17
   Compiling parking_lot v0.12.5
   Compiling pkg-config v0.3.33
   Compiling once_cell v1.21.4
   Compiling fs_extra v1.3.0
   Compiling errno v0.3.14
   Compiling signal-hook-registry v1.4.8
   Compiling mio v1.2.2
   Compiling socket2 v0.6.5
   Compiling tokio-macros v2.7.1
   Compiling tokio v1.53.1
   Compiling getrandom v0.2.17
   Compiling foldhash v0.2.0
   Compiling equivalent v1.0.2
   Compiling allocator-api2 v0.2.21
   Compiling futures-core v0.3.33
   Compiling num-traits v0.2.19
   Compiling version_check v0.9.5
   Compiling zerocopy v0.8.55
   Compiling itoa v1.0.18
   Compiling log v0.4.33
   Compiling hashbrown v0.17.1
   Compiling serde v1.0.229
   Compiling futures-sink v0.3.33
   Compiling either v1.16.0
   Compiling glob v0.3.4
   Compiling slab v0.4.12
   Compiling serde_core v1.0.229
   Compiling clang-sys v1.8.1
   Compiling indexmap v2.14.0
   Compiling http v1.4.2
   Compiling serde_derive v1.0.229
   Compiling zeroize v1.9.0
   Compiling futures-channel v0.3.33
   Compiling tracing-core v0.1.36
   Compiling minimal-lexical v0.2.1
   Compiling dunce v1.0.5
   Compiling bitflags v2.13.1
   Compiling typenum v1.20.1
   Compiling regex-syntax v0.8.11
   Compiling regex-automata v0.4.16
   Compiling nom v7.1.3
   Compiling libloading v0.8.9
   Compiling aws-lc-sys v0.43.0
   Compiling ppv-lite86 v0.2.21
   Compiling zstd-sys v2.0.16+zstd.1.5.7
   Compiling tracing-attributes v0.1.31
   Compiling futures-macro v0.3.33
   Compiling base64 v0.22.1
   Compiling syn v1.0.109
   Compiling httparse v1.10.1
   Compiling getrandom v0.3.4
   Compiling bindgen v0.72.1
   Compiling futures-task v0.3.33
   Compiling fnv v1.0.7
   Compiling futures-io v0.3.33
   Compiling futures-util v0.3.33
   Compiling tracing v0.1.44
   Compiling zstd-sys v2.0.16+zstd.1.5.7
   Compiling aws-lc-sys v0.43.0
   Compiling cexpr v0.6.0
   Compiling clang-sys v1.8.1
   Compiling regex v1.13.1
   Compiling rustls-pki-types v1.15.1
   Compiling itertools v0.13.0
   Compiling rustc-hash v2.1.3
   Compiling bitflags v2.13.1
   Compiling simd-adler32 v0.3.10
   Compiling shlex v1.3.0
   Compiling ident_case v1.0.1
   Compiling strsim v0.11.1
   Compiling fnv v1.0.7
   Compiling alloc-no-stdlib v2.0.4
   Compiling subtle v2.6.1
   Compiling adler2 v2.0.1
   Compiling miniz_oxide v0.8.9
   Compiling alloc-stdlib v0.2.4
   Compiling darling_core v0.20.11
   Compiling bindgen v0.72.1
   Compiling syn v1.0.109
   Compiling getrandom v0.3.4
   Compiling httparse v1.10.1
   Compiling tokio-util v0.7.19
   Compiling rand_core v0.6.4
   Compiling ring v0.17.14
   Compiling fslock v0.2.1
   Compiling thiserror v1.0.69
   Compiling zstd-safe v7.2.4
   Compiling lazy_static v1.5.0
   Compiling atomic-waker v1.1.2
   Compiling aws-lc-rs v1.17.3
   Compiling crc32fast v1.5.0
   Compiling h2 v0.4.15
   Compiling boring-sys v4.22.0
   Compiling rand_chacha v0.3.1
   Compiling darling_macro v0.20.11
   Compiling serde v1.0.229
   Compiling libz-ng-sys v1.1.29
   Compiling aho-corasick v1.1.4
   Compiling thread_local v1.1.10
   Compiling thiserror-impl v1.0.69
   Compiling serde_core v1.0.229
   Compiling num-conv v0.2.2
   Compiling percent-encoding v2.3.2
   Compiling time-core v0.1.9
   Compiling regex-syntax v0.8.11
   Compiling rustversion v1.0.23
   Compiling httpdate v1.0.3
   Compiling time-macros v0.2.32
   Compiling regex-automata v0.4.16
   Compiling darling v0.20.11
   Compiling rand v0.8.7
   Compiling generic-array v0.14.7
   Compiling foreign-types-macros v0.2.4
   Compiling thiserror v2.0.19
   Compiling heck v0.5.0
   Compiling untrusted v0.9.0
   Compiling utf8parse v0.2.2
   Compiling byteorder v1.5.0
   Compiling deranged v0.5.8
   Compiling powerfmt v0.2.0
   Compiling untrusted v0.7.1
   Compiling crossbeam-utils v0.8.22
   Compiling foreign-types-shared v0.3.1
   Compiling foreign-types v0.5.0
   Compiling time v0.3.54
   Compiling anstyle-parse v1.0.0
   Compiling derive_builder_core v0.20.2
   Compiling zstd v0.13.3
   Compiling ahash v0.8.12
   Compiling thiserror-impl v2.0.19
   Compiling memoffset v0.6.5
   Compiling openssl-macros v0.1.1
   Compiling anstyle-query v1.1.5
   Compiling anstyle v1.0.14
   Compiling colorchoice v1.0.5
   Compiling is_terminal_polyfill v1.70.2
   Compiling protobuf v2.28.0
   Compiling rust_decimal v1.42.1
   Compiling object v0.37.3
   Compiling arrayvec v0.7.8
   Compiling anstream v1.0.0
   Compiling derive_builder_macro v0.20.2
   Compiling flate2 v1.1.9
   Compiling trackable_derive v1.0.0
   Compiling hashbrown v0.16.1
   Compiling async-trait v0.1.91
   Compiling gimli v0.32.3
   Compiling fixedbitset v0.5.7
   Compiling minimal-lexical v0.2.1
   Compiling pingora-error v0.8.1
   Compiling prometheus v0.13.4
   Compiling clap_lex v1.1.0
   Compiling rustls v0.23.42
   Compiling clap_builder v4.6.2
   Compiling pingora-http v0.8.1
   Compiling boring v4.22.0
   Compiling nom v7.1.3
   Compiling petgraph v0.7.1
   Compiling addr2line v0.25.1
   Compiling lru v0.16.4
   Compiling trackable v1.3.0
   Compiling crossbeam-queue v0.3.13
   Compiling derive_builder v0.20.2
   Compiling neli-proc-macros v0.2.2
   Compiling strum_macros v0.26.4
   Compiling rustls-webpki v0.103.13
   Compiling clap_derive v4.6.4
   Compiling pingora-timeout v0.8.1
   Compiling rand_core v0.9.5
   Compiling brotli-decompressor v2.5.1
   Compiling futures-executor v0.3.33
   Compiling http-body v1.1.0
   Compiling tokio-stream v0.1.19
   Compiling getset v0.1.7
   Compiling synstructure v0.13.2
   Compiling unsafe-libyaml v0.2.11
   Compiling rustc-demangle v0.1.28
   Compiling ryu v1.0.23
   Compiling bitflags v1.3.2
   Compiling try-lock v0.2.5
   Compiling unicase v2.9.0
   Compiling want v0.3.1
   Compiling nix v0.24.3
   Compiling serde_yaml v0.9.34+deprecated
   Compiling backtrace v0.3.76
   Compiling asn1-rs-derive v0.6.0
   Compiling neli v0.7.4
   Compiling tokio-test v0.4.5
   Compiling futures v0.3.33
   Compiling brotli v3.5.0
   Compiling rand_chacha v0.9.0
   Compiling pingora-pool v0.8.1
   Compiling clap v4.6.4
   Compiling strum v0.26.3
   Compiling sfv v0.10.4
   Compiling daggy v0.8.1
   Compiling pingora-boringssl v0.8.1
   Compiling rusticata-macros v4.1.0
   Compiling block-buffer v0.10.4
   Compiling crypto-common v0.1.7
   Compiling pingora-runtime v0.8.1
   Compiling bstr v1.13.0
   Compiling derivative v2.2.0
   Compiling hybrid-array v0.4.13
   Compiling chrono v0.4.45
   Compiling indexmap v1.9.3
   Compiling daemonize v0.5.0
   Compiling displaydoc v0.2.6
   Compiling asn1-rs-impl v0.2.0
   Compiling getrandom v0.4.3
   Compiling zmij v1.0.23
   Compiling openssl-probe v0.1.6
   Compiling openssl-probe v0.2.1
   Compiling rustls-native-certs v0.8.4
   Compiling pingora-core v0.8.1
   Compiling asn1-rs v0.7.2
   Compiling digest v0.10.7
   Compiling rand v0.9.5
   Compiling local-ip-address v0.6.13
   Compiling cf-rustracing v1.2.1
   Compiling hyper v1.11.0
   Compiling thrift_codec v0.3.2
   Compiling rmp v0.8.15
   Compiling num-integer v0.1.46
   Compiling hostname v0.4.2
   Compiling tower-layer v0.3.3
   Compiling serde_json v1.0.151
   Compiling rustix v1.1.4
   Compiling tower-service v0.3.3
   Compiling ipnet v2.12.0
   Compiling oid-registry v0.8.1
   Compiling hashbrown v0.12.3
   Compiling hyper-util v0.1.20
   Compiling cf-rustracing-jaeger v1.2.2
   Compiling num-bigint v0.4.8
   Compiling rmp-serde v1.3.1
   Compiling blake2 v0.10.6
   Compiling rustls-platform-verifier v0.7.0
   Compiling crypto-common v0.2.2
   Compiling inout v0.2.2
   Compiling tokio-rustls v0.26.4
   Compiling pingora-header-serde v0.8.1
   Compiling pingora-lru v0.8.1
   Compiling yasna v0.6.0
   Compiling pem v3.0.6
   Compiling linux-raw-sys v0.12.1
   Compiling option-ext v0.2.0
   Compiling hex v0.4.3
   Compiling pingora-cache v0.8.1
   Compiling dirs-sys v0.5.0
   Compiling rcgen v0.14.8
   Compiling hyper-rustls v0.27.9
   Compiling cipher v0.5.2
   Compiling der-parser v10.0.0
   Compiling http-body-util v0.1.4
   Compiling webpki-roots v1.0.9
   Compiling winnow v1.0.4
   Compiling data-encoding v2.11.0
   Compiling fastrand v2.5.0
   Compiling tempfile v3.27.0
   Compiling x509-parser v0.18.1
   Compiling toml_parser v1.1.2+spec-1.1.0
   Compiling webpki-roots v0.26.11
   Compiling instant-acme v0.8.5
   Compiling blowfish v0.10.0
   Compiling pingora-proxy v0.8.1
   Compiling dirs v6.0.0
   Compiling arc-swap v1.9.2
   Compiling pingora-ketama v0.8.1
   Compiling rustls-pemfile v2.2.0
   Compiling toml_datetime v1.1.1+spec-1.1.0
   Compiling serde_spanned v1.1.1
   Compiling toml_writer v1.1.2+spec-1.1.0
   Compiling pingclair-tls v0.1.7 (/root/pingclair-h3-access-40f78e9/checkout/pingclair-tls)
   Compiling toml v1.1.3+spec-1.1.0
   Compiling pingora-load-balancing v0.8.1
   Compiling pingora v0.8.1
   Compiling bcrypt v0.19.2
   Compiling brotli-decompressor v5.0.3
   Compiling memoffset v0.9.1
   Compiling matchit v0.8.6
   Compiling mime_guess v2.0.5
   Compiling brotli v8.0.4
   Compiling pingclair-core v0.1.7 (/root/pingclair-h3-access-40f78e9/checkout/pingclair-core)
   Compiling protobuf v3.7.2
   Compiling compression-core v0.4.32
   Compiling anyhow v1.0.104
   Compiling libm v0.2.16
   Compiling compression-codecs v0.4.38
   Compiling protobuf-support v3.7.2
   Compiling mime v0.3.17
   Compiling prometheus v0.14.0
   Compiling once_cell v1.21.4
   Compiling quiche v0.29.3
   Compiling enum_dispatch v0.3.13
   Compiling intrusive-collections v0.9.7
   Compiling async-compression v0.4.42
   Compiling smartstring v1.0.1
   Compiling tikv-jemalloc-sys v0.6.1+5.3.0-1-ge13ca993e8ccb9ba9847cc330696e02839f328f7
   Compiling debug_panic v0.2.1
   Compiling octets v0.3.6
   Compiling either v1.16.0
   Compiling pingclair-static v0.1.7 (/root/pingclair-h3-access-40f78e9/checkout/pingclair-static)
   Compiling pingora-limits v0.8.1
   Compiling async-recursion v1.1.1
   Compiling yansi v1.0.1
   Compiling static_assertions v1.1.0
   Compiling unicode-width v0.2.2
   Compiling ariadne v0.6.0
   Compiling pingclair-proxy v0.1.7 (/root/pingclair-h3-access-40f78e9/checkout/pingclair-proxy)
   Compiling matchers v0.2.0
   Compiling sharded-slab v0.1.7
   Compiling tracing-log v0.2.0
   Compiling nu-ansi-term v0.50.3
   Compiling tracing-subscriber v0.3.23
   Compiling pingclair-api v0.1.7 (/root/pingclair-h3-access-40f78e9/checkout/pingclair-api)
   Compiling pingclair-config v0.1.7 (/root/pingclair-h3-access-40f78e9/checkout/pingclair-config)
   Compiling pingclair-plugin v0.1.7 (/root/pingclair-h3-access-40f78e9/checkout/pingclair-plugin)
   Compiling tikv-jemallocator v0.6.1
   Compiling pingclair v0.1.7 (/root/pingclair-h3-access-40f78e9/checkout/pingclair)
    Finished `release` profile [optimized] target(s) in 8m 00s
